Turbo Assembler	 Version 4.1	    02/16/20 17:34:17	    Page 1
prog.asm



      1	0000			     .model tiny
      2	0000			     .code
      3				     org 100h
      4
      5	0100  B4 0E		     Start:	     mov ah, 0Eh
      6	0102  BE 0115r				     mov si, offset Msg
      7
      8	0105  8A 04				     mov al, [si]
      9	0107  CD 10		     Next:	     int 10h
     10
     11	0109  46				     inc si
     12	010A  8A 04				     mov al, [si]
     13	010C  3C 24				     cmp al, '$'
     14	010E  75 F7				     jne Next
     15
     16	0110  B8 4C00				     mov ax, 4c00h
     17	0113  CD 21				     int 21h
     18
     19	0115  68 65 6C 6C 6F 20	57+  Msg:	     db	'hello World', 13, 10, '$'
     20	      6F 72 6C 64 0D 0A	24
     21
     22				     end	     Start
Turbo Assembler	 Version 4.1	    02/16/20 17:34:17	    Page 2
Symbol Table




Symbol Name			  Type	 Value

??DATE				  Text	 "02/16/20"
??FILENAME			  Text	 "prog	  "
??TIME				  Text	 "17:34:17"
??VERSION			  Number 040A
@32BIT				  Text	 0
@CODE				  Text	 DGROUP
@CODESIZE			  Text	 0
@CPU				  Text	 0101H
@CURSEG				  Text	 _TEXT
@DATA				  Text	 DGROUP
@DATASIZE			  Text	 0
@FILENAME			  Text	 PROG
@INTERFACE			  Text	 000H
@MODEL				  Text	 1
@STACK				  Text	 DGROUP
@WORDSIZE			  Text	 2
MSG				  Near	 DGROUP:0115
NEXT				  Near	 DGROUP:0107
START				  Near	 DGROUP:0100

Groups & Segments		  Bit Size Align  Combine Class

DGROUP				  Group
  _DATA				  16  0000 Word	  Public  DATA
  _TEXT				  16  0123 Word	  Public  CODE
